$ANSIBLE_VAULT;1.1;AES256
32396330356464306532623562633466326135343462343530613730383536653034333339376630
3338396139616131613337313539353537643263636333370a363030383261643530633838366430
36643066323332633434373966613735393631346535646237346634653166616139363238396536
3662656531653066360a316134323866326661376466366239623239386663343232346263643032
33313233343237383630333561373239393963643236653630313331663764663437333833613564
39336334313830663730373463373063383230303739373832336264333865383334643364636137
333162306264393539653265303265343562
