$ANSIBLE_VAULT;1.1;AES256
64353237323061313434326161623935643531626437383862656662363533373633316637376532
3538373736336531313763313432343965636632653566380a626136356166386635336331636561
66363236613739616230346565653565393863313934666439353639383132333532396539643430
6162373336303939360a636662303466663234353430363834353434343633373033366234316361
61313031653764653533376339396430323737343737666637633635353738613961623261386662
38636234316365396137646435383962343838613534643239663030393831323834343537393835
65663061363432343063623764616565303633626161633432333663306463663531323061373439
64636635313631663665
