$ANSIBLE_VAULT;1.1;AES256
35653162393364353366373339643837653262323663386233636333663437633637626531343733
3834656265653934333834336532373332323139366333390a303835616262636130356536633436
61306438373262356337303630613737613935353835326631373162393933326437616430623563
6431643165306635340a333136343262376462363839653637653834376139306163373563646132
37363139353432313435653866616463396430316435366137373235666261346531343061643863
64353066333137316266346430386132343062393430656238383766343863363365326135663834
663739653131626137326237393135613039
